BMAPBOLOxZ2x[2x–2x•2Zx2[x2–x2•x2u{2uu2{u2{{2x2fx2xf2x2kdZZZdkZZZ…dZZZkZZZ…ZZZ…ZZZkZZZd…ZZZdxZZZxZZZr~ZZZrrZZZ~rZZZ~~ZZZxdZZZxZZZbhh
b
bhhbbbbb
Vu|ΥWrυ¥Xq€¥Τ¥Yo‚•τ¤•Znƒ•τΔ•
[m„_OBEp
\m„_OBEp]l…_AEτ$W^k†_H@_HAW_k†_H@_HAW`k†_H@_HAWaj‡_I@_IAWbj‡_I@_IAW
cj‡_OMAWddΕτττΕedΕOMAtΕfdµ4uOKCutµgd¥‡…ττ”…‡¥hd•—•ττ•—•id…§¥δδ¥§…ja§§µΤΤµ§§k^“—•XP|@\@XQt•—l]”•΄υ…΄΄υ…΄•m[–‡τυ…¤¤υ…τ‡nZ—•τ„υ…””υ…τ„•oY…τ΄υ…„„υ…τ΄…pY…τΔυ…”υ…τΔ…qX™…τδµ—•'G•—µτδ…rW…ττzYzPJYzPO@HPsW…ττ„•‡τ„‡•ττ„…tW…ττ”¥υ¥ττ”…uV›…ττ΄•]qT•ττ΄…vV›…ττΔ…$Wµ'T…ττΔ…wV›…ττΤGTWµGTWττΤ…xV›…΄ΕyNZAWµZN[L[HPyV›…ττΤGTWµGTWττΤ…zV›…ττΔ…$Wµ'T…ττΔ…{V›…ττ΄•]qT•ττ΄…|W…ττ”¥υ¥ττ”…}W…ττ„•‡τ„‡•ττ„…~W…ττzYzPJYzPO@HPX™…τδµ—•'G•—µτδ…€Y…τΔυ…”υ…τΔ…Y…τ΄υ…„„υ…τ΄…‚Z—•τ„υ…””υ…τ„•ƒ[–‡τυ…¤¤υ…τ•„]”•΄υ…΄΄υ…΄¥…^“—•XP|@\@XQt•—†a§§µΤΤµ§Yp‡d…§¥δδ¥§…d•—•ττ•—•‰d¥‡…ττ”…‡¥dµ4uOKCutµ‹dΕOMAtΕdΕτττΕ
j‡_OMAWj‡_I@_IAWj‡_I@_IAWk†_H@_HAW‘k†_H@_HAW’k†_H@_HAW“l…_AEτ$W
”m„_OBEp
•m„_OBEp–nƒ•τΔ•—o‚•τ¤•q€¥Τ¥™rυ¥u|Υÿÿÿ