BMAPBOLOiuÿcmuÿcquÿcuuÿcyuÿc}uÿcuÿc…uÿc‰uÿchˆÿclˆÿcpˆÿctˆÿcxˆÿc|ˆÿc€ˆÿcˆÿZZZ†ˆÿZZZ‚ˆÿZZZ~ˆÿZZZzˆÿZZZvˆÿZZZrˆÿZZZnˆÿZZZjˆÿZZZkuÿZZZouÿZZZsuÿZZZwuÿZZZ{uÿZZZuÿZZZƒuÿZZZ•“]“]j•j
"

צאאאאאאאאאאאאאאאאאאאאאאאאאאאאא "
צאאאאאאאאאאאאאאאאאאאאאאאאאאאאא "
צאאאאאאאאאאאאאאאאאאאאאאאאאאאאא "
צאאאאאאאאאאאאאאאאאאאאאאאאאאאאא "
צאאאאאאאאאאאאאאאאאאאאאאאאאאאאא "
צאאאאאאאאאאאאאאאאאאאאאאאאאאאאא "
צאאאאאאאאאאאאאאאאאאאאאאאאאאאאא "
צאאאאאאאאאאאאאאאאאאאאאאאאאאאאא "
צאאאאאאאאאאאאאאאאאאאאאאאאאאאאא "
צאאאאאאאאאאאאאאאאאאאאאאאאאאאאא "
צאאאאאאאאאאאאאאאאאאאאאאאאאאאאא "
צאאאאאאאאאאאאאאאאאאאאאאאאאאאאא "
צאאאאאאאאאאאאאאאאאאאאאאאאאאאאא "
צאאאאאאאאאאאאאאאאאאאאאאאאאאאאא "
צאאאאאאאאאאאאאאאאאאאאאאאאאאאאא "
צאאאאאאאאאאאאאאאאאאאאאאאאאאאאא "
צאאאאאאאאאאאאאאאאאאאאאאאאאאאאא "
צאאאאאאאאאאאאאאאאאאאאאאאאאאאאא "
צאאאאאאאאאאאאאאאאאאאאאאאאאאאאא "
צאאאאאאאאאאאאאאאאאאאאאאאאאאאאא "
צאאאאאאאאאאאאאאאאאאאאאאאאאאאאא "
צאאאאאאאאאאאאאאאאאאאאאאאאאאאאא " 
צאאאאאאאאאאאאאאאאאאאאאאאאאאאאא "!
צאאאאאאאאאאאאאאאאאאאאאאאאאאאאא ""
צאאאאאאאאאאאאאאאאאאאאאאאאאאאאא "#
צאאאאאאאאאאאאאאאאאאאאאאאאאאאאא "$
צאאאאאאאאאאאאאאאאאאאאאאאאאאאאא "%
צאאאאאאאאאאאאאאאאאאאאאאאאאאאאא "&
צאאאאאאאאאאאאאאאאאאאאאאאאאאאאא "'
צאאאאאאאאאאאאאאאאאאאאאאאאאאאאא "(
צאאאאאאאאאאאאאאאאאאאאאאאאאאאאא ")
צאאאאאאאאאאאאאאאאאאאאאאאאאאאאא "*
צאאאאאאאאאאאאאאאאאאאאאאאאאאאאא "+
צאאאאאאאאאאאאאאאאאאאאאאאאאאאאא ",
צאאאאאאאאאאאאאאאאאאאאאאאאאאאאא "-
צאאאאאאאאאאאאאאאאאאאאאאאאאאאאא ".
צאאאאאאאאאאאאאאאאאאאאאאאאאאאאא "/
צאאאאאאאאאאאאאאאאאאאאאאאאאאאאא "0
צאאאאאאאאאאאאאאאאאאאאאאאאאאאאא "1
צאאאאאאאאאאאאאאאאאאאאאאאאאאאאא "2
צאאאאאאאאאאאאאאאאאאאאאאאאאאאאא "3
צאאאאאאאאאאאאאאאאאאאאאאאאאאאאא "4
צאאאאאאאאאאאאאאאאאאאאאאאאאאאאא "5
צאאאאאאאאאאאאאאאאאאאאאאאאאאאאא "6
צאאאאאאאאאאאאאאאאאאאאאאאאאאאאא "7
צאאאאאאאאאאאאאאאאאאאאאאאאאאאאא "8
צאאאאאאאאאאאאאאאאאאאאאאאאאאאאא "9
צאאאאאאאאאאאאאאאאאאאאאאאאאאאאא ":
צאאאאאאאאאאאאאאאאאאאאאאאאאאאאא ";
צאאאאאאאאאאאאאאאאאאאאאאאאאאאאא "<
צאאאאאאאאאאאאאאאאאאאאאאאאאאאאא "=
צאאאאאאאאאאאאאאאאאאאאאאאאאאאאא ">
צאאאאאאאאאאאאאאאאאאאאאאאאאאאאא "?
צאאאאאאאאאאאאאאאאאאאאאאאאאאאאא "@
צאאאאאאאאאאאאאאאאאאאאאאאאאאאאא "A
צאאאאאאאאאאאאאאאאאאאאאאאאאאאאא "B
צאאאאאאאאאאאאאאאאאאאאאאאאאאאאא "C
צאאאאאאאאאאאאאאאאאאאאאאאאאאאאא "D
צאאאאאאאאאאאאאאאאאאאאאאאאאאאאא "E
צאאאאאאאאאאאאאאאאאאאאאאאאאאאאא "F
צאאאאאאאאאאאאאאאאאאאאאאאאאאאאא "G
צאאאאאאאאאאאאאאאאאאאאאאאאאאאאא "H
צאאאאאאאאאאאאאאאאאאאאאאאאאאאאא "I
צאאאאאאאאאאאאאאאאאאאאאאאאאאאאא "J
צאאאאאאאאאאאאאאאאאאאאאאאאאאאאא "K
צאאאאאאאאאאאאאאאאאאאאאאאאאאאאא "L
צאאאאאאאאאאאאאאאאאאאאאאאאאאאאא "M
צאאאאאאאאאאאאאאאאאאאאאאאאאאאאא "N
צאאאאאאאאאאאאאאאאאאאאאאאאאאאאא "O
צאאאאאאאאאאאאאאאאאאאאאאאאאאאאא "P
צאאאאאאאאאאאאאאאאאאאאאאאאאאאאא "Q
צאאאאאאאאאאאאאאאאאאאאאאאאאאאאא "R
צאאאאאאאאאאאאאאאאאאאאאאאאאאאאא "S
צאאאאאאאאאאאאאאאאאאאאאאאאאאאאא "T
צאאאאאאאאאאאאאאאאאאאאאאאאאאאאא "U
צאאאאאאאאאאאאאאאאאאאאאאאאאאאאא "V
צאאאאאאאאאאאאאאאאאאאאאאאאאאאאא "W
צאאאאאאאאאאאאאאאאאאאאאאאאאאאאא "X
צאאאאאאאאאאאאאאאאאאאאאאאאאאאאא "Y
צאאאאאאאאאאאאאאאאאאאאאאאאאאאאא "Z
צאאאאאאאאאאאאאאאאאאאאאאאאאאאאא "[
צאאאאאאאאאאאאאאאאאאאאאאאאאאאאא "\
צאאאאאאאאאאאאאאאאאאאאאאאאאאאאא "]
צאאאאאאאאאאאאאאאאאאאאאאאאאאאאא "^
צאאאאאאאאאאאאאאאאאאאאאאאאאאאאא "_
צאאאאאאאאאאאאאאאאאאאאאאאאאאאאא "`
צאאאאאאאאאאאאאאאאאאאאאאאאאאאאא "a
צאאאאאאאאאאאאאאאאאאאאאאאאאאאאא "b
צאאאאאאאאאאאאאאאאאאאאאאאאאאאאא "c
צאאאאאאאאאאאאאאאאאאאאאאאאאאאאא "d
צאאאאאאאאאאאאאאאאאאאאאאאאאאאאא "e
צאאאאאאאאאאאאאאאאאאאאאאאאאאאאא "f
צאאאאאאאאאאאאאאאאאאאאאאאאאאאאא "g
צאאאאאאאאאאאאאאאאאאאאאאאאאאאאא "h
צאאאאאאאאאאאאאאאאאאאאאאאאאאאאא "i
צאאאאאאאאאאאאאאאאאאאאאאאאאאאאא j
]אאאאאאאאאאj–צאאאאאאאאאאאאk
]אאאאאאאאאאk–צאאאאאאאאאאאאl
]אאאאאאאאאאl–צאאאאאאאאאאאאm
]אאאאאאאאאאm–צאאאאאאאאאאאאn
]אאאאאאאאאאn–צאאאאאאאאאאאאo
]אאאאאאאאאאo–צאאאאאאאאאאאאp
]אאאאאאאאאאp–צאאאאאאאאאאאאq
]אאאאאאאאאאq–צאאאאאאאאאאאאr
]אאאאאאאאאאr–צאאאאאאאאאאאאs
]אאאאאאאאאאs–צאאאאאאאאאאאאt
]אאאאאאאאאאtguEEEGTTTTuEEEGTTTTEEEt–צאאאאאאאאאאאאu
]אאאאאאאאאאugtTTTWEEEEtTTTWEEEEDTTu–צאאאאאאאאאאאאv
]אאאאאאאאאאvguEEEGTTTTuEEEGTTTTEEEv–צאאאאאאאאאאאאw
]אאאאאאאאאאwgtTTTWEEEEtTTTWEEEEDTTw–צאאאאאאאאאאאאx
]אאאאאאאאאאxguEEEGTTTTuEEEGTTTTEEEx–צאאאאאאאאאאאאy
]אאאאאאאאאאygtTTTWEEEEtTTTWEEEEDTTy–צאאאאאאאאאאאאz
]אאאאאאאאאאzguEEEGTTTTuEEEGTTTTEEEz–צאאאאאאאאאאאא{
]אאאאאאאאאא{gpTPPWEEpPTPWEDPP{–צאאאאאאאאאאאא|
]אאאאאאאאאא|guEPTPPuEGPPTPE|–צאאאאאאאאאאאא}
]אאאאאאאאאא}gtPTTWEEtTPTWEEE@PP}–צאאאאאאאאאאאא~
]אאאאאאאאאא~guEPTPPuEGPPTPE~–צאאאאאאאאאאאא
]אאאאאאאאאאgpTPPWEEpPTPWEDPP–צאאאאאאאאאאאא€
]אאאאאאאאאא€guEEEGTTTTuEEEGTTTTEEE€–צאאאאאאאאאאאא
]אאאאאאאאאאgtTTTWEEEEtTTTWEEEEDTT–צאאאאאאאאאאאא‚
]אאאאאאאאאא‚guEEEGTTTTuEEEGTTTTEEE‚–צאאאאאאאאאאאאƒ
]אאאאאאאאאאƒgtTTTWEEEEtTTTWEEEEDTTƒ–צאאאאאאאאאאאא„
]אאאאאאאאאא„guEEEGTTTTuEEEGTTTTEEE„–צאאאאאאאאאאאא…
]אאאאאאאאאא…gtTTTWEEEEtTTTWEEEEDTT…–צאאאאאאאאאאאא†
]אאאאאאאאאא†guEEEGTTTTuEEEGTTTTEEE†–צאאאאאאאאאאאא‡
]אאאאאאאאאא‡gtTTTWEEEEtTTTWEEEEDTT‡–צאאאאאאאאאאאאˆ
]אאאאאאאאאאˆguEEEGTTTTuEEEGTTTTEEEˆ–צאאאאאאאאאאאא‰
]אאאאאאאאאא‰gtTTTWEEEEtTTTWEEEEDTT‰–צאאאאאאאאאאאא
]אאאאאאאאאא–צאאאאאאאאאאאא‹
]אאאאאאאאאא‹–צאאאאאאאאאאאא
]אאאאאאאאאא–צאאאאאאאאאאאא
]אאאאאאאאאא–צאאאאאאאאאאאא
]אאאאאאאאאא–צאאאאאאאאאאאא
]אאאאאאאאאא–צאאאאאאאאאאאא
]אאאאאאאאאא–צאאאאאאאאאאאא‘
]אאאאאאאאאא‘–צאאאאאאאאאאאא’
]אאאאאאאאאא’–צאאאאאאאאאאאא“
]אאאאאאאאאא“–צאאאאאאאאאאאא"”
צאאאאאאאאאאאאאאאאאאאאאאאאאאאאא "•
צאאאאאאאאאאאאאאאאאאאאאאאאאאאאא "–
צאאאאאאאאאאאאאאאאאאאאאאאאאאאאא "—
צאאאאאאאאאאאאאאאאאאאאאאאאאאאאא "˜
צאאאאאאאאאאאאאאאאאאאאאאאאאאאאא "™
צאאאאאאאאאאאאאאאאאאאאאאאאאאאאא "
צאאאאאאאאאאאאאאאאאאאאאאאאאאאאא "›
צאאאאאאאאאאאאאאאאאאאאאאאאאאאאא "
צאאאאאאאאאאאאאאאאאאאאאאאאאאאאא "
צאאאאאאאאאאאאאאאאאאאאאאאאאאאאא "
צאאאאאאאאאאאאאאאאאאאאאאאאאאאאא "
צאאאאאאאאאאאאאאאאאאאאאאאאאאאאא " 
צאאאאאאאאאאאאאאאאאאאאאאאאאאאאא "¡
צאאאאאאאאאאאאאאאאאאאאאאאאאאאאא "¢
צאאאאאאאאאאאאאאאאאאאאאאאאאאאאא "£
צאאאאאאאאאאאאאאאאאאאאאאאאאאאאא "₪
צאאאאאאאאאאאאאאאאאאאאאאאאאאאאא "¥
צאאאאאאאאאאאאאאאאאאאאאאאאאאאאא "¦
צאאאאאאאאאאאאאאאאאאאאאאאאאאאאא "§
צאאאאאאאאאאאאאאאאאאאאאאאאאאאאא "¨
צאאאאאאאאאאאאאאאאאאאאאאאאאאאאא "©
צאאאאאאאאאאאאאאאאאאאאאאאאאאאאא "×
צאאאאאאאאאאאאאאאאאאאאאאאאאאאאא "«
צאאאאאאאאאאאאאאאאאאאאאאאאאאאאא "¬
צאאאאאאאאאאאאאאאאאאאאאאאאאאאאא "­
צאאאאאאאאאאאאאאאאאאאאאאאאאאאאא "®
צאאאאאאאאאאאאאאאאאאאאאאאאאאאאא "¯
צאאאאאאאאאאאאאאאאאאאאאאאאאאאאא "°
צאאאאאאאאאאאאאאאאאאאאאאאאאאאאא "±
צאאאאאאאאאאאאאאאאאאאאאאאאאאאאא "²
צאאאאאאאאאאאאאאאאאאאאאאאאאאאאא "³
צאאאאאאאאאאאאאאאאאאאאאאאאאאאאא "´
צאאאאאאאאאאאאאאאאאאאאאאאאאאאאא "µ
צאאאאאאאאאאאאאאאאאאאאאאאאאאאאא "¶
צאאאאאאאאאאאאאאאאאאאאאאאאאאאאא "·
צאאאאאאאאאאאאאאאאאאאאאאאאאאאאא "¸
צאאאאאאאאאאאאאאאאאאאאאאאאאאאאא "¹
צאאאאאאאאאאאאאאאאאאאאאאאאאאאאא "÷
צאאאאאאאאאאאאאאאאאאאאאאאאאאאאא "»
צאאאאאאאאאאאאאאאאאאאאאאאאאאאאא "¼
צאאאאאאאאאאאאאאאאאאאאאאאאאאאאא "½
צאאאאאאאאאאאאאאאאאאאאאאאאאאאאא "¾
צאאאאאאאאאאאאאאאאאאאאאאאאאאאאא "¿
צאאאאאאאאאאאאאאאאאאאאאאאאאאאאא "ְ
צאאאאאאאאאאאאאאאאאאאאאאאאאאאאא "ֱ
צאאאאאאאאאאאאאאאאאאאאאאאאאאאאא "ֲ
צאאאאאאאאאאאאאאאאאאאאאאאאאאאאא "ֳ
צאאאאאאאאאאאאאאאאאאאאאאאאאאאאא "ִ
צאאאאאאאאאאאאאאאאאאאאאאאאאאאאא "ֵ
צאאאאאאאאאאאאאאאאאאאאאאאאאאאאא "ֶ
צאאאאאאאאאאאאאאאאאאאאאאאאאאאאא "ַ
צאאאאאאאאאאאאאאאאאאאאאאאאאאאאא "ָ
צאאאאאאאאאאאאאאאאאאאאאאאאאאאאא "ֹ
צאאאאאאאאאאאאאאאאאאאאאאאאאאאאא "Ê
צאאאאאאאאאאאאאאאאאאאאאאאאאאאאא "ֻ
צאאאאאאאאאאאאאאאאאאאאאאאאאאאאא "ּ
צאאאאאאאאאאאאאאאאאאאאאאאאאאאאא "ֽ
צאאאאאאאאאאאאאאאאאאאאאאאאאאאאא "־
צאאאאאאאאאאאאאאאאאאאאאאאאאאאאא "ֿ
צאאאאאאאאאאאאאאאאאאאאאאאאאאאאא "׀
צאאאאאאאאאאאאאאאאאאאאאאאאאאאאא "ׁ
צאאאאאאאאאאאאאאאאאאאאאאאאאאאאא "ׂ
צאאאאאאאאאאאאאאאאאאאאאאאאאאאאא "׃
צאאאאאאאאאאאאאאאאאאאאאאאאאאאאא "װ
צאאאאאאאאאאאאאאאאאאאאאאאאאאאאא "ױ
צאאאאאאאאאאאאאאאאאאאאאאאאאאאאא "ײ
צאאאאאאאאאאאאאאאאאאאאאאאאאאאאא "׳
צאאאאאאאאאאאאאאאאאאאאאאאאאאאאא "״
צאאאאאאאאאאאאאאאאאאאאאאאאאאאאא "Ù
צאאאאאאאאאאאאאאאאאאאאאאאאאאאאא "Ú
צאאאאאאאאאאאאאאאאאאאאאאאאאאאאא "Û
צאאאאאאאאאאאאאאאאאאאאאאאאאאאאא "Ü
צאאאאאאאאאאאאאאאאאאאאאאאאאאאאא "Ý
צאאאאאאאאאאאאאאאאאאאאאאאאאאאאא "Þ
צאאאאאאאאאאאאאאאאאאאאאאאאאאאאא "ß
צאאאאאאאאאאאאאאאאאאאאאאאאאאאאא "א
צאאאאאאאאאאאאאאאאאאאאאאאאאאאאא "ב
צאאאאאאאאאאאאאאאאאאאאאאאאאאאאא "ג
צאאאאאאאאאאאאאאאאאאאאאאאאאאאאא "ד
צאאאאאאאאאאאאאאאאאאאאאאאאאאאאא "ה
צאאאאאאאאאאאאאאאאאאאאאאאאאאאאא "ו
צאאאאאאאאאאאאאאאאאאאאאאאאאאאאא "ז
צאאאאאאאאאאאאאאאאאאאאאאאאאאאאא "ח
צאאאאאאאאאאאאאאאאאאאאאאאאאאאאא "ט
צאאאאאאאאאאאאאאאאאאאאאאאאאאאאא "י
צאאאאאאאאאאאאאאאאאאאאאאאאאאאאא "ך
צאאאאאאאאאאאאאאאאאאאאאאאאאאאאא "כ
צאאאאאאאאאאאאאאאאאאאאאאאאאאאאא "ל
צאאאאאאאאאאאאאאאאאאאאאאאאאאאאא "ם
צאאאאאאאאאאאאאאאאאאאאאאאאאאאאא "מ
צאאאאאאאאאאאאאאאאאאאאאאאאאאאאא "ן
צאאאאאאאאאאאאאאאאאאאאאאאאאאאאא "נ
צאאאאאאאאאאאאאאאאאאאאאאאאאאאאא "ס
צאאאאאאאאאאאאאאאאאאאאאאאאאאאאא "ע
צאאאאאאאאאאאאאאאאאאאאאאאאאאאאא "ף
צאאאאאאאאאאאאאאאאאאאאאאאאאאאאא "פ
צאאאאאאאאאאאאאאאאאאאאאאאאאאאאא "ץ
צאאאאאאאאאאאאאאאאאאאאאאאאאאאאא ™™™