BMAPBOLO	Рk€2wС€2ВС€2_l€2_z€2БV€2uV€2Ъo€2Ъz€2j{€2ХЭ€2xЭ€2wЭ€2ЖЭ€2ЗЭ€2_s€ZZZ{V€ZZZЪt€ZZZЪu€ZZZ|С€ZZZ}С€ZZZ~С€ZZZПЩ€ZZZ~Щ€ZZZ•tStГз„TrЕЧв≤Ч
UpЗЧввqwVnЙЧҐZQu•))pWlЛЧҐее))pXjНЧҐееµҐЧYhПЧҐеее))pZfСЧҐеееµҐЧ[dУЧҐееее))p\dХ).^^^[Z)p]cЦЗВеееее)!w^cЦ!%еееееХВp_bЧЗВеееееµВp`bЧ!%еееееµВpaaШЗВеееее’ВpbaШ!%еееее’Вpc`ЩЗВееееее!'d`Щ!%ееееее!'e_ЪЗВееееееХВpf_Ъ!%ееееееХВpg^ЫЗВееееееµВph^Ы!%ееееееµВpi]ЬЗВеееееµ±µВpj]Ь!%еееееµ±µВpk\ЭЗВеееее≈БµВpl\Э"'^^^^^[[X!wm[ЭЗВеееее’±’Вn[ЮЗВеееееееХВpo[ЮЗВеееееееХ!'p[ЮЗВее^^X pq[ЮЗВеµ∞зз
^ZX pr[ЮЗВе
~~qp†еµРВs[ЮЗВY[~~~qp†µ∞ЗВt[ЮЗВјзззззx pu[ЮЗВзззззззІВv[ЮЗВзззззззІВw[ЮЗВзззззззІВx[ЮЗВзззззззІВy[ЮЗВз~~~~|x pz\Ю!'з±ззззз«В{\ЮЗВзБзззззІВp|]Э!'„±зззззЈВ}]ЭЗВ„±зззззІВp~^Ь!'зззззз„В^ЬЗВзззззз«ВpА_Ы!'ззззззЈВБ_ЫЗВззззззІВpВ`Ъ!'ззззззЧВГ`ЪЗВззззззЗВpДaЩ!'зззззз!'ЕaЩЗВззззззВpЖbШ!'ззззз„ВЗbШЗВззззз«ВpИcЧ!'зззззЈВЙcЧЗВзззззІВpКdЦ).~~~~z pЛdЦЧҐззззІҐЧМfФЧҐззззҐЧНhТЧҐзззІҐЧОjРЧҐзззҐЧПlОЧҐззІҐЧ
РnМЧҐззҐЧ
СpКЧҐзІҐЧТrИЧввЧУtЖЧвҐЧФvДз«	ЧsШддддіШstШЧЩ@ЩstЩvwЩyzЩ{|Щ}Б§ЩЕЖЩИЙЩКНФЩОСФЩТХФЩШЩЪstЪvwЪyzЪ{|Ъ}~ЪАБЪЕЖЪИЙЪКЛЪМНЪОПЪРСЪТУЪШЩЫstЫvz§Ы{|Ы}~ЫАБЫВД@ЫЕЙ§ЫКНФЫОПЫРСЫТУЫФЧФЫШЩЬstЬwy@Ь{|Ь}~ЬАБЬЖИ@ЬКЛЬМНЬОПЬРСЬТУЬЦЧЬШЩЭstЭwy@Э{|Э}~ЭАБЭЖИ@ЭКЛЭМНЭОПЭРСЭТЧіЭШЩЮstЮЦЧЮШЩЯstЯЦЧЯШЩ	†sЧдддд§†ШЩЩЩЩ