BMAPBOLOqЂя2ЏЂя2Ђqя2ЂЏя2ЃЏя2Џя2Ѓqя2qя2qЃя2ЏЃя2Ђ{я2Ђѓя2…я2{я2‘ЂяZZZЂ‘яZZZoЂяZZZЋ‹яZZZЂoяZZZ‹rяZZZruяZZZuЋяZZZЊђяZZZpЊяZZZtpяZZZђtяZZZ‰yяZZZwyяZZZ€‡яZZZx‡яZZZoђp‘oppoђo
‘p
‘ђђ‘]uwP]ЉЊP^uwP^ЉЊP_uwP_ЉЊP`uwP`ЉЊPauwPaЉЊPbuwPbЉЊPcuwPcЉЊPduwPdЉЊPeuwPeЉЊPfuwPfЉЊPguwPg{†µZPgЉЊPhuwPhx‰е]PhЉЊP
iuЊе•^QU
jsЋеµ^ZP
krЏеЕ^[P
lp‘ее^]P
mo’ее%ееnp‘еҐ§y~ZPomnorЏХ—дx}Po“”plo•prЏ…QWNLH{Pp’••qlo•qqђ„•NNHAu…@q’••rk–ЕдФNLLPsj—едДNKNPtj—едДNKBW[PuiеNKAtдґеviеNKAtдґ]PwiХNLAtдД\Pxh™еNLAtдД]Pyh™ХMKKAuЕzh™ХLHHHHAuЕ{gљеLHHHHAuХ|gљХMLLAuЕ}gљХNNNNHAuЕ~gљХNLKЋMAuЕgљХNLKЋMAuЕЂgљР¤·Фёд§¤РЃgљХNNNNHAuЕ‚gљХNNLI~BG\PѓgљХNI~II~BG\P„gљХNLLBG\P…gљеML|AuХ†h™ХMNФ\P‡h™ХNNBG\P€h™еNLAtдД]P‰iХNLAtдД\PЉiеNKAtдґ]P‹iеNKAtдґеЊj—Е'TдґNKNPЌj—едДNKNPЋk–ЕдФNLLPЏlo•Џqђ„•NNHAu…@Џ’••ђlo•ђrЏµ‡дФ‡…PPђ’••‘mn‘rЏХ—дx}P‘“”’p‘еҐ§y~ZP
“o’ее%ее
”p‘ее^]P
•rЏеЕ^[P
–sЋеµ^ZP
—uЊе•^QUx‰е]P™x‰еељmoPљx‰еељ“•P›moP›x‰ее›“•P
њk—еееееҐ
ќk—еееееҐ
ћk—еееееҐ
џk—еееееҐ x‰ееЎx‰ееўx‰ееЈx‰ее¤x‰ееҐx‰ее¦x‰ее§x‰ееЁx‰ее©x‰ееЄx‰ее«x‰ее¬x‰ее­x‰ее®xХ®ѓ‰ЕЇxХЇѓ‰Е°xХ°ѓ‰Е±xХ±ѓ‰ЕІxХІѓ‰ЕіxХіѓ‰ЕґxХґѓ‰ЕµxХµѓ‰Е¶xХ¶ѓ‰Е·xХ·ѓ‰ЕёxХёѓ‰Е№xХ№ѓ‰ЕєxХєѓ‰Е»xХ»ѓ‰ЕјxХјѓ‰ЕЅxХЅѓ‰ЕѕxХѕѓ‰ЕїxХїѓ‰ЕАxХАѓ‰ЕБxХБѓ‰ЕВxХВѓ‰ЕГxХГѓ‰ЕДxХДѓ‰ЕЕxХЕѓ‰ЕЖxХЖѓ‰ЕЗxХЗѓ‰ЕИxХИѓ‰ЕЙxХЙѓ‰ЕКxХКѓ‰ЕЛxХЛѓ‰Е™™™