BMAPBOLOdyÿdjsÿd{xÿdd‡ÿdjÿd{ÿd‡ÿdrÿd…xÿd–sÿdyÿd…ÿd–ÿdÿdÿdÿddsÿZZixÿZZ€sÿZZiÿZZdÿZZ]€ÿZZ€ÿZZ—xÿZZÿZZZsÿZZ—ÿZZpÿZZZÿZZ£€ÿZZZÿZZZÿZZZp
bpaqapppbaaq
p
jmvρj•ρkmvΤk‹”ΤlmvΤl‹”Τ	mdρΤρ	m‚ρΤρndυ•υ•n‚υ•υ•o`΅±υ•υ•±υ•υ•±p`apdυ•υ•p‚υ•υ•p ΅q`aqbτ¤……ττΤ……τ¤q ΅r`arbτ¤……ττΤ……τ¤r ΅s^£΅τ¤……ττΤ……τ¤΅t^£•τ¤……ττΤ……τ¤•u^£•τ¤……ττΤ……τ¤•v^£•τ¤……ττΤ……τ¤•w^£•τ¤……ττΤ……τ¤•x^£•τ¤……ττΤ……τ¤•y^£•τ¤……ττΤ……τ¤•z^£•τ¤……ττΤ……τ¤•{^£•ττττττΤ•|[¦΅•ττττττΤ•΅}[¦”•ττττττΤ•”~[¦”υ¥τ„Χ΄Χτ„υ¥”[”υ¥τ„µ@
€„µ¤	¦Δυ¥”€[¦”χ§τ„µgGGµτ„χ§”[”υ¥τ„µ„‚¦{PHOZY@‚[¦”υ¥τ„Χ΄Χτ„υ¥”ƒ[¦”•ττττττΤ•”„[¦΅•ττττττΤ•΅…^£•ττττττΤ•†^£•τ¤……ττΤ……τ¤•‡^£•τ¤……ττΤ……τ¤•^£•τ¤……ττΤ……τ¤•‰^£•τ¤……ττΤ……τ¤•^£•τ¤……ττΤ……τ¤•‹^£•τ¤……ττΤ……τ¤•^£•τ¤……ττΤ……τ¤•^£΅τ¤……ττΤ……τ¤΅`abτ¤……ττΤ……τ¤ ΅`abτ¤……ττΤ……τ¤ ΅`adυ•υ•‚υ•υ• ΅‘`΅±υ•υ•±υ•υ•±’dυ•υ•’‚υ•υ•	“dρΤρ	“‚ρΤρ”mvΤ”‹”Τ•mvΤ•‹”Τ–mvρ–•ρÿÿÿ