BMAPBOLOw€ÿd~}ÿdƒ‚ÿdvÿd“€ÿd}ÿd‡‚ÿd‰vÿdwÿd~‹ÿd’ÿdƒ†ÿd“ÿd‹ÿd‰’ÿd‡†ÿdxwÿZZ}|ÿZZ‚ÿZZZ…oÿZZ„ÿZZ|ÿZZÿZZZ’wÿZZ}ÿZZ…™ÿZZx‘ÿZZ‚‡ÿZZZp„ÿZZÿZZ’‘ÿZZ‡ÿZZZuuvtuvwt•u
”t
•v
“t
u“v”u’w”•“””•’“”	gsυυυυ
hsτττδ
isτττδ
jsτττδ
ksτττδ
lsτττδmsw„	mƒ΄m”	„nsv„nƒ΄n•„osv„oƒ΄o•„psv„pƒ΄p•„qrvX@qƒ΄q•™„rhvυ•„ry’υυΥr•£„υ•shvτ¤sy’υυΥs•£τ¤thvτ¤ty’υυΥt•£τ¤uho΄		uv•τ„ετ”u£	΄vhn΄	vv•τ”Ετ¤v£΄whn΄	wv•τ¤µτ¤w£΄xhn΄xs•τ¤µτ¤•x£΄yhn΄ys•τ¤µτ¤•y£΄zhn΄zs•τ¤µτ¤•z£΄{hn΄{s•τ¤µτ¤•{£΄|hn΄|s•τ¤µτ¤•|£΄}hn΄}s•τ¤µτ¤•}£΄~hn΄~s•τ¤µτ¤•~£΄hn΄
s•τττ¤•£΄€hn΄
€s•τττ¤•€£΄hn΄s¥„…ττΤ¥£΄‚h£τυ¥¤‘¤υ¥τPƒh„τυ¥”ƒ‡£”υ¥τP„h„τυ¥”„‡£”υ¥τP…h„τυ¥”…‡£”υ¥τP†h£τυ¥¤‘¤υ¥τP‡hn΄
‡s•τττ”¥‡£΄hn΄
s•τττ¤•£΄‰hn΄
‰s•τττ¤•‰£΄hn΄s•τ¤µτ¤•£΄‹hn΄‹s•τ¤µτ¤•‹£΄hn΄s•τ¤µτ¤•£΄hn΄s•τ¤µτ¤•£΄hn΄s•τ¤µτ¤•£΄hn΄s•τ¤µτ¤•£΄hn΄s•τ¤µτ¤•£΄‘hn΄	‘v•τ¤µτ¤‘£΄’hn΄	’v•τ”Ετ¤’£΄“ho΄		“v•τ”Υτ”“£	΄”hvτ¤”y’υεΥ”•£τ¤•hvτ¤•y’υυΥ••£τ¤–hvυ•„–y’υυΥ–•£„υ•—rvX@—ƒ΄—•™„sv„ƒ΄•„™sv„™ƒ΄™•„sv„ƒ΄•„›sw„	›ƒ΄›”	„
sτττδ
sτττδ
sτττδ
sτττδ
 sτττδ	΅sυυυυÿÿÿ