BMAPBOLOttÿ2‹tÿ2t‹ÿ2‹‹ÿ2|}ÿ2|‚ÿ2‚}ÿ2‚‚ÿ2y…ÿ2yzÿ2‡zÿ2‡…ÿ2€pÿ2€ÿ2srÿZZZrsÿZZZsÿZZZrÿZZZsÿZZZrÿZZZÿZZZÿZZZ}ÿZZZ}~ÿZZZx†ÿZZZxyÿZZZ†ÿZZZyÿZZZ~ÿZZZÿZZZmm’m
’’m’μρρρρρρρρρρρρρρρρρρρρρρρρμρρρρρρρρρρρρρρρρρρρρρρρρκμκμκμκμκμκμκμκμκμκμ  κμ!!κμ""κμ##κμ$$κμ%%κμ&&κμ''κμ((κμ))κμ**κμ++κμ,,κμ--κμ..κμ//κμ00κμ11κμ22κμ33κμ44κμ55κμ66κμ77κμ88κμ99κμ::κμ;;κμ<<κμ==κμ>>κμ??κμ@@κμAAκμBBκμCCκμDDκμEEκμFFκμGGκμHHκμIIκμJJκμKKκμLLκμMMκμNNκμOOκμPPκμQQκμRRκμSSκμTTκμUUκμVVκμWWκμXXκμYYκμZZκμ[[κμ\\κμ]]κμ^^κμ__κμ``κμaaκμbbκμccκμddκμeeκμffκμggκμhhκμiiκμjjκμkkκμllκμmmκμnnn’ρρρρnκμoon’ρρρρoκμp
pn’τττ΄pκμq
qn’τττ΄qκμrrn’”ττΔ”rκμssn’”υυυ„sκμttn’”υυε”tκμuun’”υυε”uκμvvn’”υυε”vκμwwn’”µτδ¥”wκμxxn’”µτδ¥”xκμyyn’”υυε”yκμzzn’”Υτ¤υzκμ{{n’”ΕτΔε{κμ||n’”µτδΥ|κμ}}n’”µ¤ΥΔΥ}κμ~~n’”µ”•”υΕ~κμn’”µ”…ττκμ€€n’”µ”…ττ€κμn’”µ”•”υΕκμ‚‚n’”µ¤ΥΔΥ‚κμƒƒn’”µτδΥƒκμ„„n’”ΕτΔε„κμ……n’”Υτ¤υ…κμ††n’”υυυ…†κμ‡‡n’”µτδ¥”‡κμn’”µτδ¥”κμ‰‰n’”υυε”‰κμn’”υυε”κμ‹‹n’”υυε”‹κμn’”υυυ„κμn’”ττΔ”κμ
n’τττ΄κμ
n’τττ΄κμn’ρρρρκμ‘‘n’ρρρρ‘κμ’’κμ““κμ””κμ••κμ––κμ——κμκμ™™κμκμ››κμκμκμκμκμ  κμ΅΅κμΆΆκμ££κμ¤¤κμ¥¥κμ¦¦κμ§§κμ¨¨κμ©©κμªªκμ««κμ¬¬κμ­­κμ®®κμ――κμ°°κμ±±κμ²²κμ³³κμ΄΄κμµµκμ¶¶κμ··κμΈΈκμΉΉκμΊΊκμ»»κμΌΌκμ½½κμΎΎκμΏΏκμΐΐκμΑΑκμΒΒκμΓΓκμΔΔκμΕΕκμΖΖκμΗΗκμΘΘκμΙΙκμΚΚκμΛΛκμΜΜκμΝΝκμΞΞκμΟΟκμΠΠκμΡΡκμÒÒκμΣΣκμΤΤκμΥΥκμΦΦκμΧΧκμΨΨκμΩΩκμΪΪκμΫΫκμάάκμέέκμήήκμίίκμΰΰκμαακμββκμγγκμδδκμεεκμζζκμηηκμθθκμιικμκμρρρρρρρρρρρρρρρρρρρρρρρρλμρρρρρρρρρρρρρρρρρρρρρρρρÿÿÿ