BMAPBOLOw‡ÿd~ÿd’‡ÿd‹ÿd‘ÿd‘ÿd’€ÿdƒ…ÿd†…ÿdw€ÿd‹}ÿd~}ÿdƒ‚ÿd†‚ÿdvÿdvÿd}‹ÿZZwxÿZZ’xÿZZ|ÿZZy‘ÿZZwÿZZ’ÿZZ‹ÿZZ‘ÿZZ‡†ÿZZZ‚†ÿZZZ}|ÿZZ‚ÿZZZ‡ÿZZZyvÿZZvÿZZu’v“u‘w“”’““”‘’“uuvtuvwt”u
“t
”v
’t
gs—υυυυ
hs—τττΤ
is—τττΤ
js—τττΤ
ks—τττΤ
ls—τττΤmsw„	mƒ‡¤m“—	„nsv„nƒ‡¤n”—„osv„oƒ‡¤o”—„psv„pƒ‡¤p”—„qrvX@qƒ‡¤q”„rhvυ•„ry‘υυΕr”Ά„υ•shvτ¤sy‘υυΕs”Άτ¤thvτ¤ty‘υυΕt”Άτ¤uho΄		uv”τ„Υτ”u›Ά	΄vhn΄	vv”τ”µτ¤vΆ΄whn΄	wv”τ¤¥τ¤wΆ΄xhn΄xs—•τ¤¥τ¤•xΆ΄yhn΄ys—•τ¤¥τ¤•yΆ΄zhn΄zs—•τ¤¥τ¤•zΆ΄{hn΄{s—•τ¤¥τ¤•{Ά΄|hn΄|s—•τ¤¥τ¤•|Ά΄}hn΄}s—•τ¤¥τ¤•}Ά΄~hn΄~s—•τ¤¥τ¤•~Ά΄hn΄
s—•τττ”•Ά΄€hn΄
€s—•τττ”•€Ά΄hn΄s—¥„…ττΔ¥Ά΄‚hΆτυ¥τυ¥τP
ƒh„τυ¥¤
ƒ†Ά¤υ¥τP
„h„τυ¥¤
„†Ά¤υ¥τP…hΆτυ¥τυ¥τP†hn΄
†s—•τττ„¥†Ά΄‡hn΄
‡s—•τττ”•‡Ά΄hn΄
s—•τττ”•Ά΄‰hn΄‰s—•τ¤¥τ¤•‰Ά΄hn΄s—•τ¤¥τ¤•Ά΄‹hn΄‹s—•τ¤¥τ¤•‹Ά΄hn΄s—•τ¤¥τ¤•Ά΄hn΄s—•τ¤¥τ¤•Ά΄hn΄s—•τ¤¥τ¤•Ά΄hn΄s—•τ¤¥τ¤•Ά΄hn΄	v”τ¤¥τ¤Ά΄‘hn΄	‘v”τ”µτ¤‘Ά΄’ho΄		’v”τ”Ετ”’›Ά	΄“hvτ¤“y‘υΥΥ“”Άτ¤”hvτ¤”y‘υυΕ””Άτ¤•hvυ•„•y‘υυΕ•”Ά„υ•–rvX@–ƒ‡¤–”„—sv„—ƒ‡¤—”—„sv„ƒ‡¤”—„™sv„™ƒ‡¤™”—„sw„	ƒ‡¤“—	„
›s—τττΤ
s—τττΤ
s—τττΤ
s—τττΤ
s—τττΤ s—υυυυÿÿÿ