BMAPBOLOŠÿ2Š€ÿ2uÿ2€uÿ2uÿ2u€ÿ2Šÿ2€Šÿ2z…ÿ2……ÿ2…zÿ2zzÿ2~~ÿ2~ÿ2ÿ2~ÿ2‹pÿZZZtÿZZZp‹ÿZZZtÿZZZ‹ÿZZZ‹ÿZZZptÿZZZtpÿZZZƒÿZZZƒÿZZZ|ÿZZZrƒÿZZZr|ÿZZZ|ÿZZZƒrÿZZZ|rÿZZZ’’m’’m
mmde~e‚f}~ff‚ƒg|}g~g‚gƒ„h{|h}~hh‚ƒh„…iz{i|}i~i‚iƒ„i…†jyzj{|j}~jj‚ƒj„…j†‡kxykz{k|}k~k‚kƒ„k…†k‡ˆlp^^^[Pmo‘^^^]Pnn’^^^^QQom“^^^^YPpl”\]NX]MPql”Õä]^AEÅrl”Åä”Åä”Åsl”µä´¥ä´µtl”¥äÔ…äÔ¥
ul”¥ääää¥
vl”¥ääää¥wl”¥ä´Åä´¥xk•Y^IH\H^IJPyjkyl”¥äQTäQTä¥y•–zijzk•Y^BENIATä¥z–—{hi{jk{l”µÔJA$¤LKP{•–{—˜|gh|ij|k•[\AT„„KLP|–—|˜™}fg}hi}jk}l”Õ¤IA$”IMP}•–}—˜}™š~ef~gh~ij~k•]YAT„MA„HNP~–—~˜™~š›defghijkl”åBEIHE%AIAT^P•–—˜™š›œ€de€fg€hi€jk€l”åBEIHE%AIAT^P€•–€—˜€™š€›œefghijk•]YAT„MA„HNP–—˜™š›‚fg‚hi‚jk‚l”Õ¤IA$”IMP‚•–‚—˜‚™šƒghƒijƒk•[\AT„„KLPƒ–—ƒ˜™„hi„jk„l”µÔJA$¤LKP„•–„—˜…ij…k•Y^BENIATä¥…–—†jk†l”¥äQTäQTä¥†•–‡k•Y^IH\H^IJPˆl”¥ä´Åä´¥
‰l”¥ääää¥
Šl”¥ääää¥‹l”¥äÔ…äÔ¥Œl”µä´¥ä´µl”Åä”Åä”ÅŽl”Õä]^AEÅl”\]NX]MPm“^^^^YP‘n’^^^^QQ’o‘^^^]P“p^^^[P”xy”z{”|}”~”‚”ƒ„”…†”‡ˆ•yz•{|•}~••‚ƒ•„…•†‡–z{–|}–~–‚–ƒ„–…†—{|—}~——‚ƒ—„…˜|}˜~˜‚˜ƒ„™}~™™‚ƒš~š‚›™™™