BMAPBOLOsÿ2sÿ2‹ÿ2‹ÿ2v…ÿ2vwÿ2‡…ÿ2‡wÿ2‘ÿ2mÿ2‘ÿ2mÿ2}ÿ2}}ÿ2}ÿ2ÿ2ŽnÿZZZpÿZZZpnÿZZZnpÿZZZŽÿZZZŽÿZZZnŽÿZZZpÿZZZˆvÿZZZuvÿZZZu†ÿZZZˆ†ÿZZZqÿZZZÿZZZÿZZZqÿZZZmm‘m
m‘‘‘
doxuEEE@P
d‡uEEE@PenyuEEEBTPe†‘uEEEBTPfmzuEEEDTTPf€f…’uEEEDTTPgl{uEEEFTTTPg~%Eg„“uEEEFTTTPhk|uEEEGTTTTh}‚EEEhƒ”uEEEGTTTTik”tTTTWEEEEtTTTWEEEEtTTTP@jl“tTTTWEEEEtTTTWEEEEdTTTkhj@km’tTTTWEEEEtTTTWEEEEDTTk•—Plgk5E@ln‘tTTTWEEEEtTTTWEEEE$Tl”˜4TPmflUEE@mn‘uEEEGTTTTuEEEGTTTQm“™TTTPnešuEEEAä¤uEEEATä¤qEEE@Pod›uEEEBQNKGTTTTä´qTTTQEpd›tTTTRENLETTTäÄuEEEATqd›uEEEATää5ENNGTTTTrd›tTTTRENNATääuEEEATsd›uEEEATääää¤uEEE@Ptd›tTTTRENNAääuEEEATud›uEEEATää$äätTTTQEvd›tTTTRENNAääuEEEATwd›uEEEATää$äätTTTQExešuEEEATääNNGTTTTyf™uEEENNB@NNGEEEEzg˜uEEENNAääeEEE{h—uEEENLCäÄeEEE|i}uEEENJ@|~”
|‚–ä´eEEE}h—uEEEATä„JAä„uEEE@P~g{uEEECTTä~|ƒÔ~„˜ätTTTSEEf™uEEEFTTTA@ÀtTTTUEEE€g{uEEECTTä€|ƒÔ€„˜ätTTTSEEh—uEEEATä„JAä„uEEE@P‚i}uEEENJ@‚~”
‚‚–ä´eEEEƒh—uEEENLCäÄeEEE„g˜uEEENNAääeEEE…f™uEEENNB@NNGEEEE†ešuEEEATääNNGTTTT‡d›uEEEATää$äätTTTQEˆd›tTTTRENNAääuEEEAT‰d›uEEEATää$äätTTTQEŠd›tTTTRENNAääuEEEAT‹d›uEEEATääää¤uEEE@PŒd›tTTTRENNATääuEEEATd›uEEEATää5ENNGTTTTŽd›tTTTRENLETTTäÄuEEEATd›uEEEBQNKGTTTTä´qTTTQEešuEEEAä¤uEEEATä¤qEEE@P‘flUEE@‘n‘uEEEGTTTTuEEEGTTTQ‘“™TTTP’gk5E@’n‘tTTTWEEEEtTTTWEEEE$T’”˜4TP“hj@“m’tTTTWEEEEtTTTWEEEEDTT“•—P”l“tTTTWEEEEtTTTWEEEEdTTT•k”tTTTWEEEEtTTTWEEEEtTTTP@–k|uEEEGTTTT–}‚EEE–ƒ”uEEEGTTTT—l{uEEEFTTTP—~%E—„“uEEEFTTTP˜mzuEEEDTTP˜€˜…’uEEEDTTP™nyuEEEBTP™†‘uEEEBTP
šoxuEEE@P
š‡uEEE@P™™™