BMAPBOLOИ€2ИА€2w€2wА€2w€2Аw€2И€2АИ€2qЗ€2xО€2ЗО€2ОЗ€2Зq€2Оx€2xq€2qx€2Оo€ZZZРq€ZZZqo€ZZZoq€ZZZРО€ZZZОР€ZZZoО€ZZZqР€ZZZЕ€ZZZАЕ€ZZZЕ€ZZZЕА€ZZZz€ZZZzА€ZZZz€ZZZАz€ZZZmmТm
mТТТ[БP\~В•]}Г≈^|Де_{ЕеP`zЖе•ayЗе≈bxИееcwЙееPdvКее•euЛее≈ftМеее	gsНеееPhrОеее•iqПеее≈jpРееее
koСееееP	lnТееее•
moСееееPnlmnnТБ^^^[QAnУФokХХБДеее•ДБХpjЦ•іеееЕі•qiЧ≈дФе•дФ≈rhШедФеЕдФеsgЩеЕдФедФеPtfЪеХд§≈д§еХueЫе•ді•діе•vdЬеµдƒЕдƒеµwcЭе≈дддƒе≈xbЮе’дддƒе’yaЯеедддƒееz`†ееЕдіЗдіееP{_°ее•дФRWNHN^ZP|^Ґее≈д4tSTtдее≈}]£еее‘[Qtƒеее~\§еееЕі'Eµ$t§еееP[•еее•Ф^RWHN^^ZPА[•еее•Ф^RWHN^^ZPБ\§еееЕі'Eµ$t§еееPВ]£еее‘[QtƒеееГ^Ґее≈д4tSTtдее≈Д_°ее•дФRWNHN^ZPЕ`†ееЕдіЗдіееPЖaЯеедддƒееЗbЮе’дддƒе’ИcЭе≈дддƒе≈ЙdЬеµдƒЕдƒеµКeЫе•ді•діе•ЛfЪеХд§≈д§еХМgЩеЕдФедФеPНhШедФеЕдФеОiЧ≈дФе•дФ≈ПjЦ•іеееЕі•РkХХБДеее•ДБХСlmСnТБ^^^[QAСУФ
ТoСееееP	УnТееее•
ФoСееееPХpРееееЦqПеее≈ЧrОеее•	ШsНеееPЩtМеееЪuЛее≈ЫvКее•ЬwЙееPЭxИееЮyЗе≈ЯzЖе•†{ЕеP°|ДеҐ}Г≈£~В•§БPЩЩЩ