BMAPBOLOvtÿtv2lÿdtÿvÿlÿtÿvÿ–’ÿ’ÿÿ–ÿ}ÿ}}ÿd}ÿdÿdrÿZZZooÿZZZvvÿZZZoÿZZZvÿZZZÿZZZ~ÿZZZoÿZZZvÿZZZrÿZZZ~ÿZZZÿZZZÿZZZÿZZZ€ÿZZZ€ÿZZZjikijjj•j”k•”j
”i
“i
”•””“•en‘ρρρα
fn‘εραε
gn‘υυυΕhn‘__ZQqin‘‡υρυ‡jk”΅—υυυ—΅kk”ηυυµηlk”η•ρα•ηmk”η…ττ…ηneΡηττ”ηΡoe•ΗδωιδΗ•pe¥·§…™π€™…§·¥qeµ§§…‰π ‰…§§µreΕ—§…™Y”…§—ΕseΕ—§…υ……§—Εteυ¥'T€χ‡€'W¥υueε„µ„_zqP„µ„εveΥτχχ„ΤΥweµ„©ΗΤΗ©„µxeµ„™·„·„·™„µyeµ„‰·„…—…„·‰„µze……„	·„¥¥„·	„……{e……„	€…§„µµ„§…€	„……|e……„	€…—„µ—µ„—…€	„……}e……„	€…—{Y{Qt—…€	„……!~e……„	€…—‡…——…‡—…€	„……e……„	€…—Η•Η—…€	„……!€e……„	€…—‡…——…‡—…€	„……e……„	€…—{Y{Qt—…€	„……‚e……„	€…—„µ—µ„—…€	„……ƒe……„	€…§„µµ„§…€	„……„e……„	·„¥¥„·	„………eµ„‰·„…—…„·‰„……†eµ„™·„·„·™„µ‡eµ„©ΗΤΗ©„µeΥΤOrt}MP‰eε„µ„_zqP„µ„εeυ¥'W€χ‡€'W¥υ‹eΕ—§…υ……§—ΕeΕ—§…™Y”…§—Εeµ§§…‰π ‰…§§µe¥·§…™π€™…§·¥e•ΗδωιδΗ•eΡηττ”ηΡ‘k”η…ττ…η’k”η•ρα•η“k”ηυυµη”k”΅—υυυ—΅•n‘‡υρυ‡–n‘__ZQq
—n‘υυυΕ
n‘εραε™n‘ρρραÿÿÿ